123456
456789
789101